Formatted lib/main.dart
Formatted lib/src/app_state.dart
Formatted lib/src/core/models.dart
Formatted lib/src/core/native_core.dart
Formatted lib/src/core/thumb_cache.dart
Formatted lib/src/theme.dart
Formatted lib/src/ui/focus_view.dart
Formatted lib/src/ui/folder_panel.dart
Formatted lib/src/ui/home_page.dart
Formatted lib/src/ui/media_grid.dart
Formatted lib/src/ui/meta_panel.dart
Formatted lib/src/ui/shortcut_layer.dart
Formatted lib/src/ui/thumb_image.dart
Formatted lib/src/ui/top_bar.dart
Formatted lib/src/ui/video_page.dart
Formatted test/app_test.dart
Formatted test/gallery_test.dart
Formatted test/models_test.dart
Formatted test/support.dart
Formatted 20 files (19 changed) in 0.11 seconds.
